// Jest Snapshot v1, https://goo.gl/fbAQLP

exports[`PersonDetails renders correctly 1`] = `
<div>
  Error: Something went wrong.
</div>
`;
